 ******* Program HYDRUS
 ******* 
 TwoLayers                                                               
 Date:  25. 7.2022    Time:  14: 0: 0
 Units: L = m    , T = sec  , M = mmol 

----------------------------------------------------------
 Time       [T]        0.0000
----------------------------------------------------------
 Sub-region num.                     1
----------------------------------------------------------
 Length   [L]        0.10000E+01  0.10000E+01
 W-volume [L]        0.28860E+00  0.28860E+00
 In-flow  [L/T]      0.00000E+00  0.00000E+00
 h Mean   [L]       -0.99450E+00 -0.99450E+00
 Top Flux [L/T]     -0.40320E-04
 Bot Flux [L/T]     -0.42557E-08
----------------------------------------------------------

----------------------------------------------------------
 Time       [T]    43200.0000
----------------------------------------------------------
 Sub-region num.                     1
----------------------------------------------------------
 Length   [L]        0.10000E+01  0.10000E+01
 W-volume [L]        0.33778E+00  0.33778E+00
 In-flow  [L/T]      0.92268E-06  0.92268E-06
 h Mean   [L]       -0.48457E+00 -0.48457E+00
 Top Flux [L/T]     -0.92694E-06
 Bot Flux [L/T]     -0.42557E-08
 WatBalT  [L]       -0.12293E-06
 WatBalR  [%]              0.000
----------------------------------------------------------

----------------------------------------------------------
 Time       [T]    86400.0000
----------------------------------------------------------
 Sub-region num.                     1
----------------------------------------------------------
 Length   [L]        0.10000E+01  0.10000E+01
 W-volume [L]        0.37762E+00  0.37762E+00
 In-flow  [L/T]      0.92059E-06  0.92059E-06
 h Mean   [L]       -0.25057E+00 -0.25057E+00
 Top Flux [L/T]     -0.92484E-06
 Bot Flux [L/T]     -0.42552E-08
 WatBalT  [L]       -0.11921E-06
 WatBalR  [%]              0.000
----------------------------------------------------------

----------------------------------------------------------
 Time       [T]   129600.0001
----------------------------------------------------------
 Sub-region num.                     1
----------------------------------------------------------
 Length   [L]        0.10000E+01  0.10000E+01
 W-volume [L]        0.40580E+00  0.40580E+00
 In-flow  [L/T]      0.20178E-06  0.20178E-06
 h Mean   [L]        0.41552E-01  0.41552E-01
 Top Flux [L/T]     -0.92400E-06
 Bot Flux [L/T]     -0.72222E-06
 WatBalT  [L]       -0.13411E-06
 WatBalR  [%]              0.000
----------------------------------------------------------

----------------------------------------------------------
 Time       [T]   172800.0001
----------------------------------------------------------
 Sub-region num.                     1
----------------------------------------------------------
 Length   [L]        0.10000E+01  0.10000E+01
 W-volume [L]        0.41000E+00  0.41000E+00
 In-flow  [L/T]      0.00000E+00  0.00000E+00
 h Mean   [L]        0.20301E+00  0.20301E+00
 Top Flux [L/T]     -0.72222E-06
 Bot Flux [L/T]     -0.72222E-06
 WatBalT  [L]       -0.15646E-06
 WatBalR  [%]              0.000
----------------------------------------------------------

----------------------------------------------------------
 Time       [T]   216000.0001
----------------------------------------------------------
 Sub-region num.                     1
----------------------------------------------------------
 Length   [L]        0.10000E+01  0.10000E+01
 W-volume [L]        0.41000E+00  0.41000E+00
 In-flow  [L/T]      0.00000E+00  0.00000E+00
 h Mean   [L]        0.20301E+00  0.20301E+00
 Top Flux [L/T]     -0.72222E-06
 Bot Flux [L/T]     -0.72222E-06
 WatBalT  [L]       -0.15646E-06
 WatBalR  [%]              0.000
----------------------------------------------------------

----------------------------------------------------------
 Time       [T]   259200.0001
----------------------------------------------------------
 Sub-region num.                     1
----------------------------------------------------------
 Length   [L]        0.10000E+01  0.10000E+01
 W-volume [L]        0.41000E+00  0.41000E+00
 In-flow  [L/T]      0.00000E+00  0.00000E+00
 h Mean   [L]        0.20301E+00  0.20301E+00
 Top Flux [L/T]     -0.72222E-06
 Bot Flux [L/T]     -0.72222E-06
 WatBalT  [L]       -0.15646E-06
 WatBalR  [%]              0.000
----------------------------------------------------------
 
 Calculation time [sec]  9.000003337860107E-002
