 ******* Program HYDRUS
 ******* 
 HYDRUS-1D                                                               
 Date:   8. 7.2022    Time:  12:23: 1
 Units: L = cm   , T = hours, M = mmol 

----------------------------------------------------------
 Time       [T]        0.0000
----------------------------------------------------------
 Sub-region num.                     1
----------------------------------------------------------
 Length   [L]        0.10000E+03  0.10000E+03
 W-volume [L]        0.24351E+02  0.24351E+02
 In-flow  [L/T]      0.00000E+00  0.00000E+00
 h Mean   [L]       -0.99495E+02 -0.99495E+02
 Top Flux [L/T]     -0.52584E+02
 Bot Flux [L/T]     -0.14642E-02
----------------------------------------------------------

----------------------------------------------------------
 Time       [T]        1.0000
----------------------------------------------------------
 Sub-region num.                     1
----------------------------------------------------------
 Length   [L]        0.10000E+03  0.10000E+03
 W-volume [L]        0.26441E+02  0.26441E+02
 In-flow  [L/T]      0.13438E+01  0.13438E+01
 h Mean   [L]       -0.87825E+02 -0.87825E+02
 Top Flux [L/T]     -0.13453E+01
 Bot Flux [L/T]     -0.14642E-02
 WatBalT  [L]       -0.47684E-05
 WatBalR  [%]              0.000
----------------------------------------------------------

----------------------------------------------------------
 Time       [T]        2.0000
----------------------------------------------------------
 Sub-region num.                     1
----------------------------------------------------------
 Length   [L]        0.10000E+03  0.10000E+03
 W-volume [L]        0.27674E+02  0.27674E+02
 In-flow  [L/T]      0.11703E+01  0.11703E+01
 h Mean   [L]       -0.81159E+02 -0.81159E+02
 Top Flux [L/T]     -0.11717E+01
 Bot Flux [L/T]     -0.14642E-02
 WatBalT  [L]       -0.12159E-04
 WatBalR  [%]              0.000
----------------------------------------------------------

----------------------------------------------------------
 Time       [T]        3.0000
----------------------------------------------------------
 Sub-region num.                     1
----------------------------------------------------------
 Length   [L]        0.10000E+03  0.10000E+03
 W-volume [L]        0.28811E+02  0.28811E+02
 In-flow  [L/T]      0.11172E+01  0.11172E+01
 h Mean   [L]       -0.75027E+02 -0.75027E+02
 Top Flux [L/T]     -0.11187E+01
 Bot Flux [L/T]     -0.14642E-02
 WatBalT  [L]       -0.19550E-04
 WatBalR  [%]              0.000
----------------------------------------------------------

----------------------------------------------------------
 Time       [T]        4.0000
----------------------------------------------------------
 Sub-region num.                     1
----------------------------------------------------------
 Length   [L]        0.10000E+03  0.10000E+03
 W-volume [L]        0.29913E+02  0.29913E+02
 In-flow  [L/T]      0.10912E+01  0.10912E+01
 h Mean   [L]       -0.69119E+02 -0.69119E+02
 Top Flux [L/T]     -0.10927E+01
 Bot Flux [L/T]     -0.14642E-02
 WatBalT  [L]       -0.28133E-04
 WatBalR  [%]              0.001
----------------------------------------------------------

----------------------------------------------------------
 Time       [T]        5.0000
----------------------------------------------------------
 Sub-region num.                     1
----------------------------------------------------------
 Length   [L]        0.10000E+03  0.10000E+03
 W-volume [L]        0.30995E+02  0.30995E+02
 In-flow  [L/T]      0.10763E+01  0.10763E+01
 h Mean   [L]       -0.63313E+02 -0.63313E+02
 Top Flux [L/T]     -0.10777E+01
 Bot Flux [L/T]     -0.14642E-02
 WatBalT  [L]       -0.23365E-04
 WatBalR  [%]              0.000
----------------------------------------------------------

----------------------------------------------------------
 Time       [T]        6.0000
----------------------------------------------------------
 Sub-region num.                     1
----------------------------------------------------------
 Length   [L]        0.10000E+03  0.10000E+03
 W-volume [L]        0.32066E+02  0.32066E+02
 In-flow  [L/T]      0.10666E+01  0.10666E+01
 h Mean   [L]       -0.57565E+02 -0.57565E+02
 Top Flux [L/T]     -0.10680E+01
 Bot Flux [L/T]     -0.14642E-02
 WatBalT  [L]       -0.21458E-04
 WatBalR  [%]              0.000
----------------------------------------------------------

----------------------------------------------------------
 Time       [T]        7.0000
----------------------------------------------------------
 Sub-region num.                     1
----------------------------------------------------------
 Length   [L]        0.10000E+03  0.10000E+03
 W-volume [L]        0.33129E+02  0.33129E+02
 In-flow  [L/T]      0.10597E+01  0.10597E+01
 h Mean   [L]       -0.51863E+02 -0.51863E+02
 Top Flux [L/T]     -0.10611E+01
 Bot Flux [L/T]     -0.14642E-02
 WatBalT  [L]       -0.13351E-04
 WatBalR  [%]              0.000
----------------------------------------------------------

----------------------------------------------------------
 Time       [T]        8.0000
----------------------------------------------------------
 Sub-region num.                     1
----------------------------------------------------------
 Length   [L]        0.10000E+03  0.10000E+03
 W-volume [L]        0.34185E+02  0.34185E+02
 In-flow  [L/T]      0.10543E+01  0.10543E+01
 h Mean   [L]       -0.46196E+02 -0.46196E+02
 Top Flux [L/T]     -0.10557E+01
 Bot Flux [L/T]     -0.14642E-02
 WatBalT  [L]       -0.14305E-04
 WatBalR  [%]              0.000
----------------------------------------------------------

----------------------------------------------------------
 Time       [T]        9.0000
----------------------------------------------------------
 Sub-region num.                     1
----------------------------------------------------------
 Length   [L]        0.10000E+03  0.10000E+03
 W-volume [L]        0.35237E+02  0.35237E+02
 In-flow  [L/T]      0.10501E+01  0.10501E+01
 h Mean   [L]       -0.40540E+02 -0.40540E+02
 Top Flux [L/T]     -0.10516E+01
 Bot Flux [L/T]     -0.14642E-02
 WatBalT  [L]       -0.28610E-05
 WatBalR  [%]              0.000
----------------------------------------------------------

----------------------------------------------------------
 Time       [T]       10.0000
----------------------------------------------------------
 Sub-region num.                     1
----------------------------------------------------------
 Length   [L]        0.10000E+03  0.10000E+03
 W-volume [L]        0.36286E+02  0.36286E+02
 In-flow  [L/T]      0.10465E+01  0.10465E+01
 h Mean   [L]       -0.34904E+02 -0.34904E+02
 Top Flux [L/T]     -0.10480E+01
 Bot Flux [L/T]     -0.14642E-02
 WatBalT  [L]        0.95367E-06
 WatBalR  [%]              0.000
----------------------------------------------------------

----------------------------------------------------------
 Time       [T]       11.0000
----------------------------------------------------------
 Sub-region num.                     1
----------------------------------------------------------
 Length   [L]        0.10000E+03  0.10000E+03
 W-volume [L]        0.37331E+02  0.37331E+02
 In-flow  [L/T]      0.10437E+01  0.10437E+01
 h Mean   [L]       -0.29284E+02 -0.29284E+02
 Top Flux [L/T]     -0.10452E+01
 Bot Flux [L/T]     -0.14642E-02
 WatBalT  [L]        0.28610E-05
 WatBalR  [%]              0.000
----------------------------------------------------------

----------------------------------------------------------
 Time       [T]       12.0000
----------------------------------------------------------
 Sub-region num.                     1
----------------------------------------------------------
 Length   [L]        0.10000E+03  0.10000E+03
 W-volume [L]        0.38374E+02  0.38374E+02
 In-flow  [L/T]      0.10422E+01  0.10422E+01
 h Mean   [L]       -0.23683E+02 -0.23683E+02
 Top Flux [L/T]     -0.10437E+01
 Bot Flux [L/T]     -0.14642E-02
 WatBalT  [L]        0.76294E-05
 WatBalR  [%]              0.000
----------------------------------------------------------

----------------------------------------------------------
 Time       [T]       13.0000
----------------------------------------------------------
 Sub-region num.                     1
----------------------------------------------------------
 Length   [L]        0.10000E+03  0.10000E+03
 W-volume [L]        0.39415E+02  0.39415E+02
 In-flow  [L/T]      0.10406E+01  0.10406E+01
 h Mean   [L]       -0.18091E+02 -0.18091E+02
 Top Flux [L/T]     -0.10420E+01
 Bot Flux [L/T]     -0.14642E-02
 WatBalT  [L]        0.11444E-04
 WatBalR  [%]              0.000
----------------------------------------------------------

----------------------------------------------------------
 Time       [T]       14.0000
----------------------------------------------------------
 Sub-region num.                     1
----------------------------------------------------------
 Length   [L]        0.10000E+03  0.10000E+03
 W-volume [L]        0.40455E+02  0.40455E+02
 In-flow  [L/T]      0.10383E+01  0.10383E+01
 h Mean   [L]       -0.12478E+02 -0.12478E+02
 Top Flux [L/T]     -0.10398E+01
 Bot Flux [L/T]     -0.14642E-02
 WatBalT  [L]        0.15259E-04
 WatBalR  [%]              0.000
----------------------------------------------------------

----------------------------------------------------------
 Time       [T]       15.0000
----------------------------------------------------------
 Sub-region num.                     1
----------------------------------------------------------
 Length   [L]        0.10000E+03  0.10000E+03
 W-volume [L]        0.41494E+02  0.41494E+02
 In-flow  [L/T]      0.10380E+01  0.10380E+01
 h Mean   [L]       -0.69160E+01 -0.69160E+01
 Top Flux [L/T]     -0.10395E+01
 Bot Flux [L/T]     -0.14852E-02
 WatBalT  [L]        0.11444E-04
 WatBalR  [%]              0.000
----------------------------------------------------------

----------------------------------------------------------
 Time       [T]       16.0000
----------------------------------------------------------
 Sub-region num.                     1
----------------------------------------------------------
 Length   [L]        0.10000E+03  0.10000E+03
 W-volume [L]        0.42530E+02  0.42530E+02
 In-flow  [L/T]      0.10308E+01  0.10308E+01
 h Mean   [L]       -0.14465E+01 -0.14465E+01
 Top Flux [L/T]     -0.10395E+01
 Bot Flux [L/T]     -0.12155E+00
 WatBalT  [L]        0.19073E-04
 WatBalR  [%]              0.000
----------------------------------------------------------

----------------------------------------------------------
 Time       [T]       17.0000
----------------------------------------------------------
 Sub-region num.                     1
----------------------------------------------------------
 Length   [L]        0.10000E+03  0.10000E+03
 W-volume [L]        0.43000E+02  0.43000E+02
 In-flow  [L/T]      0.00000E+00  0.00000E+00
 h Mean   [L]        0.10000E+01  0.10000E+01
 Top Flux [L/T]     -0.10296E+01
 Bot Flux [L/T]     -0.10296E+01
 WatBalT  [L]        0.28610E-04
 WatBalR  [%]              0.000
----------------------------------------------------------

----------------------------------------------------------
 Time       [T]       18.0000
----------------------------------------------------------
 Sub-region num.                     1
----------------------------------------------------------
 Length   [L]        0.10000E+03  0.10000E+03
 W-volume [L]        0.43000E+02  0.43000E+02
 In-flow  [L/T]      0.00000E+00  0.00000E+00
 h Mean   [L]        0.10000E+01  0.10000E+01
 Top Flux [L/T]     -0.10296E+01
 Bot Flux [L/T]     -0.10296E+01
 WatBalT  [L]        0.28610E-04
 WatBalR  [%]              0.000
----------------------------------------------------------

----------------------------------------------------------
 Time       [T]       19.0000
----------------------------------------------------------
 Sub-region num.                     1
----------------------------------------------------------
 Length   [L]        0.10000E+03  0.10000E+03
 W-volume [L]        0.43000E+02  0.43000E+02
 In-flow  [L/T]      0.00000E+00  0.00000E+00
 h Mean   [L]        0.10000E+01  0.10000E+01
 Top Flux [L/T]     -0.10296E+01
 Bot Flux [L/T]     -0.10296E+01
 WatBalT  [L]        0.28610E-04
 WatBalR  [%]              0.000
----------------------------------------------------------

----------------------------------------------------------
 Time       [T]       20.0000
----------------------------------------------------------
 Sub-region num.                     1
----------------------------------------------------------
 Length   [L]        0.10000E+03  0.10000E+03
 W-volume [L]        0.43000E+02  0.43000E+02
 In-flow  [L/T]      0.00000E+00  0.00000E+00
 h Mean   [L]        0.10000E+01  0.10000E+01
 Top Flux [L/T]     -0.10296E+01
 Bot Flux [L/T]     -0.10296E+01
 WatBalT  [L]        0.28610E-04
 WatBalR  [%]              0.000
----------------------------------------------------------

----------------------------------------------------------
 Time       [T]       21.0000
----------------------------------------------------------
 Sub-region num.                     1
----------------------------------------------------------
 Length   [L]        0.10000E+03  0.10000E+03
 W-volume [L]        0.43000E+02  0.43000E+02
 In-flow  [L/T]      0.00000E+00  0.00000E+00
 h Mean   [L]        0.10000E+01  0.10000E+01
 Top Flux [L/T]     -0.10296E+01
 Bot Flux [L/T]     -0.10296E+01
 WatBalT  [L]        0.28610E-04
 WatBalR  [%]              0.000
----------------------------------------------------------

----------------------------------------------------------
 Time       [T]       22.0000
----------------------------------------------------------
 Sub-region num.                     1
----------------------------------------------------------
 Length   [L]        0.10000E+03  0.10000E+03
 W-volume [L]        0.43000E+02  0.43000E+02
 In-flow  [L/T]      0.00000E+00  0.00000E+00
 h Mean   [L]        0.10000E+01  0.10000E+01
 Top Flux [L/T]     -0.10296E+01
 Bot Flux [L/T]     -0.10296E+01
 WatBalT  [L]        0.28610E-04
 WatBalR  [%]              0.000
----------------------------------------------------------

----------------------------------------------------------
 Time       [T]       23.0000
----------------------------------------------------------
 Sub-region num.                     1
----------------------------------------------------------
 Length   [L]        0.10000E+03  0.10000E+03
 W-volume [L]        0.43000E+02  0.43000E+02
 In-flow  [L/T]      0.00000E+00  0.00000E+00
 h Mean   [L]        0.10000E+01  0.10000E+01
 Top Flux [L/T]     -0.10296E+01
 Bot Flux [L/T]     -0.10296E+01
 WatBalT  [L]        0.28610E-04
 WatBalR  [%]              0.000
----------------------------------------------------------

----------------------------------------------------------
 Time       [T]       24.0000
----------------------------------------------------------
 Sub-region num.                     1
----------------------------------------------------------
 Length   [L]        0.10000E+03  0.10000E+03
 W-volume [L]        0.43000E+02  0.43000E+02
 In-flow  [L/T]      0.00000E+00  0.00000E+00
 h Mean   [L]        0.10000E+01  0.10000E+01
 Top Flux [L/T]     -0.10296E+01
 Bot Flux [L/T]     -0.10296E+01
 WatBalT  [L]        0.28610E-04
 WatBalR  [%]              0.000
----------------------------------------------------------

----------------------------------------------------------
 Time       [T]       25.0000
----------------------------------------------------------
 Sub-region num.                     1
----------------------------------------------------------
 Length   [L]        0.10000E+03  0.10000E+03
 W-volume [L]        0.43000E+02  0.43000E+02
 In-flow  [L/T]      0.00000E+00  0.00000E+00
 h Mean   [L]        0.10000E+01  0.10000E+01
 Top Flux [L/T]     -0.10296E+01
 Bot Flux [L/T]     -0.10296E+01
 WatBalT  [L]        0.28610E-04
 WatBalR  [%]              0.000
----------------------------------------------------------
 
 Calculation time [sec]  0.270000012591481     
