 ******* Program HYDRUS
 ******* 
 Welcome to HYDRUS-1D                                                    
 Date:  22. 7.2022    Time:   9:51:48
 Units: L = m    , T = days , M = mmol 

----------------------------------------------------------
 Time       [T]        0.0000
----------------------------------------------------------
 Sub-region num.                     1
----------------------------------------------------------
 Length   [L]        0.10000E+01  0.10000E+01
 W-volume [L]        0.13955E+00  0.13955E+00
 In-flow  [L/T]      0.00000E+00  0.00000E+00
 h Mean   [L]       -0.10000E+01 -0.10000E+01
 Top Flux [L/T]     -0.20251E-06
 Bot Flux [L/T]     -0.25123E-05
----------------------------------------------------------
 
 Calculation time [sec]  2.000001072883606E-002
