 ******* Program HYDRUS
 ******* 
 Welcome to HYDRUS-1D                                                    
 Date:  22. 7.2022    Time:   9:51:48
 Units: L = m    , T = days , M = mmol 
end
